2026-08-28 23:41:19 - INFO - GenerateDPOLadder - Active compute device: cuda
2026-08-28 23:41:19 - INFO - GenerateDPOLadder - Configured Temperature Ladder: [0.6, 0.7, 0.8, 0.85]
2026-08-28 23:41:19 - INFO - GenerateDPOLadder - Repetition Penalty: 1.35 | No-Repeat-Ngram: 3
2026-08-28 23:41:19 - INFO - GenerateDPOLadder - Target Score Margin: >= 0.05
2026-08-28 23:41:19 - INFO - GenerateDPOLadder - Loading corpus from: data/corpus/corpus_10kgnad_len512_as.json
2026-08-28 23:41:19 - INFO - GenerateDPOLadder - Loaded 9567 valid records from corpus.
2026-08-28 23:41:19 - INFO - GenerateDPOLadder - Loading SFT model/tokenizer from: results/models/token_length_exp/sft_len1024
2026-08-28 23:41:20 - INFO - GenerateDPOLadder - Merging SFT LoRA adapter into base Seq2Seq model (facebook/mbart-large-50)...
2026-08-28 23:41:22 - INFO - GenerateDPOLadder - Configured multilingual tokenizer with src_lang='de_DE' and tgt_lang='de_DE'
2026-08-28 23:41:22 - INFO - GenerateDPOLadder - Loading Reward Model vocabulary from: data/token_length_exp/mixup_vocab_1024.json
2026-08-28 23:41:22 - INFO - GenerateDPOLadder - Loading BiLSTM Regressor weights from: results/models/token_length_exp/bilstm_mixup_regression_1024.pt
2026-08-28 23:41:22 - INFO - GenerateDPOLadder - Loading SBERT model for semantic evaluation: jinaai/jina-embeddings-v2-base-de
2026-08-28 23:41:22 - INFO - sentence_transformers.base.model - Loading SentenceTransformer model from jinaai/jina-embeddings-v2-base-de.
2026-08-28 23:41:27 - INFO - GenerateDPOLadder - Starting Progressive Temperature Ladder generation...
2026-08-29 00:01:20 - INFO - GenerateDPOLadder - Progress: Batch 25/1196 (2.1%) | Total Valid Pairs: 190 | Total Dropped: 10
2026-08-29 00:20:41 - INFO - GenerateDPOLadder - Progress: Batch 50/1196 (4.2%) | Total Valid Pairs: 375 | Total Dropped: 25
2026-08-29 00:44:03 - INFO - GenerateDPOLadder - Progress: Batch 75/1196 (6.3%) | Total Valid Pairs: 568 | Total Dropped: 32
2026-08-29 01:08:34 - INFO - GenerateDPOLadder - Progress: Batch 100/1196 (8.4%) | Total Valid Pairs: 760 | Total Dropped: 40
2026-08-29 01:36:54 - INFO - GenerateDPOLadder - Progress: Batch 125/1196 (10.5%) | Total Valid Pairs: 953 | Total Dropped: 47
2026-08-29 01:59:27 - INFO - GenerateDPOLadder - Progress: Batch 150/1196 (12.5%) | Total Valid Pairs: 1141 | Total Dropped: 59
2026-08-29 02:24:18 - INFO - GenerateDPOLadder - Progress: Batch 175/1196 (14.6%) | Total Valid Pairs: 1336 | Total Dropped: 64
2026-08-29 02:52:02 - INFO - GenerateDPOLadder - Progress: Batch 200/1196 (16.7%) | Total Valid Pairs: 1526 | Total Dropped: 74
2026-08-29 03:09:49 - INFO - GenerateDPOLadder - Progress: Batch 225/1196 (18.8%) | Total Valid Pairs: 1713 | Total Dropped: 87
2026-08-29 03:31:51 - INFO - GenerateDPOLadder - Progress: Batch 250/1196 (20.9%) | Total Valid Pairs: 1907 | Total Dropped: 93
2026-08-29 03:50:13 - INFO - GenerateDPOLadder - Progress: Batch 275/1196 (23.0%) | Total Valid Pairs: 2095 | Total Dropped: 105
2026-08-29 04:06:58 - INFO - GenerateDPOLadder - Progress: Batch 300/1196 (25.1%) | Total Valid Pairs: 2289 | Total Dropped: 111
2026-08-29 04:25:42 - INFO - GenerateDPOLadder - Progress: Batch 325/1196 (27.2%) | Total Valid Pairs: 2484 | Total Dropped: 116
2026-08-29 04:42:05 - INFO - GenerateDPOLadder - Progress: Batch 350/1196 (29.3%) | Total Valid Pairs: 2680 | Total Dropped: 120
2026-08-29 04:56:31 - INFO - GenerateDPOLadder - Progress: Batch 375/1196 (31.4%) | Total Valid Pairs: 2875 | Total Dropped: 125
2026-08-29 05:23:33 - INFO - GenerateDPOLadder - Progress: Batch 400/1196 (33.4%) | Total Valid Pairs: 3056 | Total Dropped: 144
2026-08-29 05:46:25 - INFO - GenerateDPOLadder - Progress: Batch 425/1196 (35.5%) | Total Valid Pairs: 3241 | Total Dropped: 159
2026-08-29 06:08:01 - INFO - GenerateDPOLadder - Progress: Batch 450/1196 (37.6%) | Total Valid Pairs: 3434 | Total Dropped: 166
2026-08-29 06:29:46 - INFO - GenerateDPOLadder - Progress: Batch 475/1196 (39.7%) | Total Valid Pairs: 3630 | Total Dropped: 170
2026-08-29 06:53:45 - INFO - GenerateDPOLadder - Progress: Batch 500/1196 (41.8%) | Total Valid Pairs: 3823 | Total Dropped: 177
2026-08-29 07:18:24 - INFO - GenerateDPOLadder - Progress: Batch 525/1196 (43.9%) | Total Valid Pairs: 4017 | Total Dropped: 183
2026-08-29 07:42:11 - INFO - GenerateDPOLadder - Progress: Batch 550/1196 (46.0%) | Total Valid Pairs: 4208 | Total Dropped: 192
2026-08-29 08:04:17 - INFO - GenerateDPOLadder - Progress: Batch 575/1196 (48.1%) | Total Valid Pairs: 4402 | Total Dropped: 198
2026-08-29 08:19:17 - INFO - GenerateDPOLadder - Progress: Batch 600/1196 (50.2%) | Total Valid Pairs: 4598 | Total Dropped: 202
2026-08-29 08:38:46 - INFO - GenerateDPOLadder - Progress: Batch 625/1196 (52.3%) | Total Valid Pairs: 4788 | Total Dropped: 212
2026-08-29 09:05:44 - INFO - GenerateDPOLadder - Progress: Batch 650/1196 (54.3%) | Total Valid Pairs: 4981 | Total Dropped: 219
2026-08-29 09:26:52 - INFO - GenerateDPOLadder - Progress: Batch 675/1196 (56.4%) | Total Valid Pairs: 5175 | Total Dropped: 225
2026-08-29 09:44:09 - INFO - GenerateDPOLadder - Progress: Batch 700/1196 (58.5%) | Total Valid Pairs: 5371 | Total Dropped: 229
2026-08-29 10:01:44 - INFO - GenerateDPOLadder - Progress: Batch 725/1196 (60.6%) | Total Valid Pairs: 5567 | Total Dropped: 233
2026-08-29 10:25:17 - INFO - GenerateDPOLadder - Progress: Batch 750/1196 (62.7%) | Total Valid Pairs: 5763 | Total Dropped: 237
2026-08-29 10:47:31 - INFO - GenerateDPOLadder - Progress: Batch 775/1196 (64.8%) | Total Valid Pairs: 5961 | Total Dropped: 239
2026-08-29 11:10:46 - INFO - GenerateDPOLadder - Progress: Batch 800/1196 (66.9%) | Total Valid Pairs: 6151 | Total Dropped: 249
2026-08-29 11:27:35 - INFO - GenerateDPOLadder - Progress: Batch 825/1196 (69.0%) | Total Valid Pairs: 6347 | Total Dropped: 253
