2026-08-28 22:35:14 - INFO - GenerateDPOLadder - Active compute device: cuda
2026-08-28 22:35:14 - INFO - GenerateDPOLadder - Configured Temperature Ladder: [0.6, 0.7, 0.8, 0.85]
2026-08-28 22:35:14 - INFO - GenerateDPOLadder - Repetition Penalty: 1.35 | No-Repeat-Ngram: 3
2026-08-28 22:35:14 - INFO - GenerateDPOLadder - Target Score Margin: >= 0.05
2026-08-28 22:35:14 - INFO - GenerateDPOLadder - Loading corpus from: data/corpus/corpus_10kgnad_len512_as.json
2026-08-28 22:35:14 - INFO - GenerateDPOLadder - Loaded 9567 valid records from corpus.
2026-08-28 22:35:14 - INFO - GenerateDPOLadder - Loading SFT model/tokenizer from: results/models/token_length_exp/sft_len512
2026-08-28 22:35:15 - INFO - GenerateDPOLadder - Merging SFT LoRA adapter into base Seq2Seq model (facebook/mbart-large-50)...
2026-08-28 22:35:17 - INFO - GenerateDPOLadder - Configured multilingual tokenizer with src_lang='de_DE' and tgt_lang='de_DE'
2026-08-28 22:35:17 - INFO - GenerateDPOLadder - Loading Reward Model vocabulary from: data/token_length_exp/mixup_vocab_512.json
2026-08-28 22:35:17 - INFO - GenerateDPOLadder - Loading BiLSTM Regressor weights from: results/models/token_length_exp/bilstm_mixup_regression_512.pt
2026-08-28 22:35:17 - INFO - GenerateDPOLadder - Loading SBERT model for semantic evaluation: jinaai/jina-embeddings-v2-base-de
2026-08-28 22:35:18 - INFO - sentence_transformers.base.model - Loading SentenceTransformer model from jinaai/jina-embeddings-v2-base-de.
2026-08-28 22:35:22 - INFO - GenerateDPOLadder - Starting Progressive Temperature Ladder generation...
2026-08-28 23:05:49 - INFO - GenerateDPOLadder - Progress: Batch 25/598 (4.2%) | Total Valid Pairs: 287 | Total Dropped: 113
2026-08-28 23:39:33 - INFO - GenerateDPOLadder - Progress: Batch 50/598 (8.4%) | Total Valid Pairs: 545 | Total Dropped: 255
2026-08-29 00:13:25 - INFO - GenerateDPOLadder - Progress: Batch 75/598 (12.5%) | Total Valid Pairs: 808 | Total Dropped: 392
2026-08-29 00:48:02 - INFO - GenerateDPOLadder - Progress: Batch 100/598 (16.7%) | Total Valid Pairs: 1085 | Total Dropped: 515
2026-08-29 01:16:52 - INFO - GenerateDPOLadder - Progress: Batch 125/598 (20.9%) | Total Valid Pairs: 1376 | Total Dropped: 624
2026-08-29 01:43:58 - INFO - GenerateDPOLadder - Progress: Batch 150/598 (25.1%) | Total Valid Pairs: 1654 | Total Dropped: 746
2026-08-29 02:12:08 - INFO - GenerateDPOLadder - Progress: Batch 175/598 (29.3%) | Total Valid Pairs: 1937 | Total Dropped: 863
2026-08-29 02:47:24 - INFO - GenerateDPOLadder - Progress: Batch 200/598 (33.4%) | Total Valid Pairs: 2186 | Total Dropped: 1014
2026-08-29 03:20:55 - INFO - GenerateDPOLadder - Progress: Batch 225/598 (37.6%) | Total Valid Pairs: 2430 | Total Dropped: 1170
2026-08-29 03:49:37 - INFO - GenerateDPOLadder - Progress: Batch 250/598 (41.8%) | Total Valid Pairs: 2707 | Total Dropped: 1293
2026-08-29 04:22:07 - INFO - GenerateDPOLadder - Progress: Batch 275/598 (46.0%) | Total Valid Pairs: 2968 | Total Dropped: 1432
2026-08-29 04:49:11 - INFO - GenerateDPOLadder - Progress: Batch 300/598 (50.2%) | Total Valid Pairs: 3269 | Total Dropped: 1531
2026-08-29 05:19:32 - INFO - GenerateDPOLadder - Progress: Batch 325/598 (54.3%) | Total Valid Pairs: 3541 | Total Dropped: 1659
2026-08-29 05:49:24 - INFO - GenerateDPOLadder - Progress: Batch 350/598 (58.5%) | Total Valid Pairs: 3800 | Total Dropped: 1800
2026-08-29 06:23:09 - INFO - GenerateDPOLadder - Progress: Batch 375/598 (62.7%) | Total Valid Pairs: 4043 | Total Dropped: 1957
2026-08-29 06:55:19 - INFO - GenerateDPOLadder - Progress: Batch 400/598 (66.9%) | Total Valid Pairs: 4260 | Total Dropped: 2140
2026-08-29 07:25:23 - INFO - GenerateDPOLadder - Progress: Batch 425/598 (71.1%) | Total Valid Pairs: 4491 | Total Dropped: 2309
2026-08-29 07:53:22 - INFO - GenerateDPOLadder - Progress: Batch 450/598 (75.3%) | Total Valid Pairs: 4703 | Total Dropped: 2497
2026-08-29 08:23:21 - INFO - GenerateDPOLadder - Progress: Batch 475/598 (79.4%) | Total Valid Pairs: 4958 | Total Dropped: 2642
2026-08-29 08:53:03 - INFO - GenerateDPOLadder - Progress: Batch 500/598 (83.6%) | Total Valid Pairs: 5220 | Total Dropped: 2780
2026-08-29 09:24:36 - INFO - GenerateDPOLadder - Progress: Batch 525/598 (87.8%) | Total Valid Pairs: 5471 | Total Dropped: 2929
2026-08-29 09:55:11 - INFO - GenerateDPOLadder - Progress: Batch 550/598 (92.0%) | Total Valid Pairs: 5696 | Total Dropped: 3104
2026-08-29 10:30:31 - INFO - GenerateDPOLadder - Progress: Batch 575/598 (96.2%) | Total Valid Pairs: 5938 | Total Dropped: 3262
