[info] Loaded 0 existing articles from output file.
[info] Processing 37 articles for steps: [0.25, 0.5, 0.75]
[info] [1/37] Generating steps [0.25, 0.5, 0.75] for 'ILS LB MmB Positionspapier Arbeit 004.docx'...
  -> Calling model for step 0.25...
  -> Success (11.5s, 2597 chars)
  -> Calling model for step 0.50...
  -> Success (11.0s, 3116 chars)
  -> Calling model for step 0.75...
  -> Success (8.8s, 2027 chars)
[info] [1/37] Completed all steps for 'ILS LB MmB Positionspapier Arbeit 004.docx'.
[info] [2/37] Generating steps [0.25, 0.5, 0.75] for 'ILS06 BwH Info KSKS AD001 prüfen.docx'...
  -> Calling model for step 0.25...
  -> Success (13.9s, 3470 chars)
  -> Calling model for step 0.50...
  -> Success (11.1s, 2898 chars)
  -> Calling model for step 0.75...
  -> Success (10.8s, 1843 chars)
[info] [2/37] Completed all steps for 'ILS06 BwH Info KSKS AD001 prüfen.docx'.
[info] [3/37] Generating steps [0.25, 0.5, 0.75] for 'ILS_IBA_Fischbeker_Reethen_AD002.docx'...
  -> Calling model for step 0.25...
  -> Success (9.4s, 3272 chars)
  -> Calling model for step 0.50...
  -> Success (10.5s, 2572 chars)
  -> Calling model for step 0.75...
  -> Success (7.7s, 2527 chars)
[info] [3/37] Completed all steps for 'ILS_IBA_Fischbeker_Reethen_AD002.docx'.
[info] [4/37] Generating steps [0.25, 0.5, 0.75] for 'ILS Pinneberg Satzung Behindertenbeirat 001 AD geprüft.docx'...
  -> Calling model for step 0.25...
  -> Success (15.2s, 5606 chars)
  -> Calling model for step 0.50...
  -> Success (13.2s, 4983 chars)
  -> Calling model for step 0.75...
  -> Success (13.4s, 5010 chars)
[info] [4/37] Completed all steps for 'ILS Pinneberg Satzung Behindertenbeirat 001 AD geprüft.docx'.
[info] [5/37] Generating steps [0.25, 0.5, 0.75] for 'ILS Elternbrief Kita AD002 Prüfer.docx'...
  -> Calling model for step 0.25...
  -> Success (8.6s, 2663 chars)
  -> Calling model for step 0.50...
  -> Success (9.1s, 3012 chars)
  -> Calling model for step 0.75...
  -> Success (7.5s, 2380 chars)
[info] [5/37] Completed all steps for 'ILS Elternbrief Kita AD002 Prüfer.docx'.
[info] [6/37] Generating steps [0.25, 0.5, 0.75] for 'ILS GVOBl-leichte-sprache AD002_geprüft.docx'...
  -> Calling model for step 0.25...
  -> Success (10.2s, 3530 chars)
  -> Calling model for step 0.50...
  -> Success (10.7s, 4018 chars)
  -> Calling model for step 0.75...
  -> Success (13.1s, 4085 chars)
[info] [6/37] Completed all steps for 'ILS GVOBl-leichte-sprache AD002_geprüft.docx'.
[info] [7/37] Generating steps [0.25, 0.5, 0.75] for 'ILS03 GH Infoblatt Beschuldigte AD001 geprüft.docx'...
  -> Calling model for step 0.25...
  -> Success (8.0s, 2071 chars)
  -> Calling model for step 0.50...
  -> Success (7.3s, 1788 chars)
  -> Calling model for step 0.75...
  -> Success (7.8s, 1938 chars)
[info] [7/37] Completed all steps for 'ILS03 GH Infoblatt Beschuldigte AD001 geprüft.docx'.
[info] [8/37] Generating steps [0.25, 0.5, 0.75] for 'ILS04 GH Infoblatt Geschädigte AD001 geprüft.docx'...
  -> Calling model for step 0.25...
  -> Success (7.1s, 2188 chars)
  -> Calling model for step 0.50...
  -> Success (6.4s, 1887 chars)
  -> Calling model for step 0.75...
  -> Success (7.2s, 1887 chars)
[info] [8/37] Completed all steps for 'ILS04 GH Infoblatt Geschädigte AD001 geprüft.docx'.
[info] [9/37] Generating steps [0.25, 0.5, 0.75] for 'ILS05 GH Infoblatt TOA AD001 geprüft.docx'...
  -> Calling model for step 0.25...
  -> Success (6.0s, 1826 chars)
  -> Calling model for step 0.50...
  -> Success (5.6s, 1924 chars)
  -> Calling model for step 0.75...
  -> Success (7.4s, 2525 chars)
[info] [9/37] Completed all steps for 'ILS05 GH Infoblatt TOA AD001 geprüft.docx'.
[info] [10/37] Generating steps [0.25, 0.5, 0.75] for 'ILS LHW Plön BV Hinweisgeber AD002 testgelesen.docx'...
  -> Calling model for step 0.25...
  -> Success (19.1s, 4896 chars)
  -> Calling model for step 0.50...
  -> Success (13.6s, 4788 chars)
  -> Calling model for step 0.75...
  -> Success (16.0s, 4979 chars)
[info] [10/37] Completed all steps for 'ILS LHW Plön BV Hinweisgeber AD002 testgelesen.docx'.
[info] [11/37] Generating steps [0.25, 0.5, 0.75] for 'ILS StK_PI_Fonds_Barrierefreiheit AD002.docx'...
  -> Calling model for step 0.25...
  -> Success (6.6s, 1410 chars)
  -> Calling model for step 0.50...
  -> Success (11.4s, 1197 chars)
  -> Calling model for step 0.75...
  -> Success (21.6s, 1375 chars)
[info] [11/37] Completed all steps for 'ILS StK_PI_Fonds_Barrierefreiheit AD002.docx'.
[info] [12/37] Generating steps [0.25, 0.5, 0.75] for 'ILS Hausordungung geschlossener Männervollzug HL AD002 Prüfer.docx'...
  -> Calling model for step 0.25...
  -> Success (22.2s, 7955 chars)
  -> Calling model for step 0.50...
  -> Success (22.0s, 7658 chars)
  -> Calling model for step 0.75...
  -> Success (22.5s, 7029 chars)
[info] [12/37] Completed all steps for 'ILS Hausordungung geschlossener Männervollzug HL AD002 Prüfer.docx'.
[info] [13/37] Generating steps [0.25, 0.5, 0.75] for 'ILS Hausordnung SL E-Vollzug AD001 Prüfer.docx'...
  -> Calling model for step 0.25...
  -> Success (20.8s, 7270 chars)
  -> Calling model for step 0.50...
  -> Success (20.6s, 7361 chars)
  -> Calling model for step 0.75...
  -> Success (19.5s, 6838 chars)
[info] [13/37] Completed all steps for 'ILS Hausordnung SL E-Vollzug AD001 Prüfer.docx'.
[info] [14/37] Generating steps [0.25, 0.5, 0.75] for 'ILS IIB MD Textteil 1 003 geprüft.docx'...
  -> Calling model for step 0.25...
  -> Success (7.4s, 2422 chars)
  -> Calling model for step 0.50...
  -> Success (10.6s, 2593 chars)
  -> Calling model for step 0.75...
  -> Success (10.0s, 2404 chars)
[info] [14/37] Completed all steps for 'ILS IIB MD Textteil 1 003 geprüft.docx'.
[info] [15/37] Generating steps [0.25, 0.5, 0.75] for 'ILS IIB MD Textteil2 002.docx'...
  -> Calling model for step 0.25...
  -> Success (8.6s, 2290 chars)
  -> Calling model for step 0.50...
  -> Success (8.4s, 2185 chars)
  -> Calling model for step 0.75...
  -> Success (7.4s, 2161 chars)
[info] [15/37] Completed all steps for 'ILS IIB MD Textteil2 002.docx'.
[info] [16/37] Generating steps [0.25, 0.5, 0.75] for 'ILS Infoschreiben MItarbeiter 003.docx'...
  -> Calling model for step 0.25...
  -> Success (5.9s, 1729 chars)
  -> Calling model for step 0.50...
  -> Success (5.7s, 1664 chars)
  -> Calling model for step 0.75...
  -> Success (11.6s, 1600 chars)
[info] [16/37] Completed all steps for 'ILS Infoschreiben MItarbeiter 003.docx'.
[info] [17/37] Generating steps [0.25, 0.5, 0.75] for 'ILS Hausordnung der JAA Moltsfelde DS002 Prüfer.docx'...
  -> Calling model for step 0.25...
  -> Success (19.2s, 6890 chars)
  -> Calling model for step 0.50...
  -> Success (18.2s, 6019 chars)
  -> Calling model for step 0.75...
  -> Success (17.4s, 5894 chars)
[info] [17/37] Completed all steps for 'ILS Hausordnung der JAA Moltsfelde DS002 Prüfer.docx'.
[info] [18/37] Generating steps [0.25, 0.5, 0.75] for 'ILS 2025-01 Bericht 15 Jahre UN-BRK 002AD geprüft.docx'...
  -> Calling model for step 0.25...
  -> Success (14.7s, 5693 chars)
  -> Calling model for step 0.50...
  -> Success (14.4s, 5140 chars)
  -> Calling model for step 0.75...
  -> Success (12.3s, 4129 chars)
[info] [18/37] Completed all steps for 'ILS 2025-01 Bericht 15 Jahre UN-BRK 002AD geprüft.docx'.
[info] [19/37] Generating steps [0.25, 0.5, 0.75] for 'ILS Hausordungung offener Vollzug HL AD002 Prüfer.docx'...
  -> Calling model for step 0.25...
  -> Success (21.7s, 6793 chars)
  -> Calling model for step 0.50...
  -> Success (22.4s, 7571 chars)
  -> Calling model for step 0.75...
  -> Success (21.6s, 7177 chars)
[info] [19/37] Completed all steps for 'ILS Hausordungung offener Vollzug HL AD002 Prüfer.docx'.
[info] [20/37] Generating steps [0.25, 0.5, 0.75] for 'ILS_Verkündungsportal_LeichteSprache_AD_004.docx'...
  -> Calling model for step 0.25...
  -> Success (12.5s, 4318 chars)
  -> Calling model for step 0.50...
  -> Success (17.2s, 4707 chars)
  -> Calling model for step 0.75...
  -> Success (13.0s, 3935 chars)
[info] [20/37] Completed all steps for 'ILS_Verkündungsportal_LeichteSprache_AD_004.docx'.
[info] [21/37] Generating steps [0.25, 0.5, 0.75] for '01 ILS_Flyer_psychosoziale_Prozessbegleitung_hoch AD001 Prüfer.docx'...
  -> Calling model for step 0.25...
  -> Success (9.0s, 3029 chars)
  -> Calling model for step 0.50...
  -> Success (8.9s, 3268 chars)
  -> Calling model for step 0.75...
  -> Success (9.6s, 2887 chars)
[info] [21/37] Completed all steps for '01 ILS_Flyer_psychosoziale_Prozessbegleitung_hoch AD001 Prüfer.docx'.
[info] [22/37] Generating steps [0.25, 0.5, 0.75] for '11 Parkplätze ILS_AD001 Prüfer.docx'...
  -> Calling model for step 0.25...
  -> Success (20.6s, 2233 chars)
  -> Calling model for step 0.50...
  -> Success (18.8s, 4931 chars)
  -> Calling model for step 0.75...
  -> Success (20.6s, 4555 chars)
[info] [22/37] Completed all steps for '11 Parkplätze ILS_AD001 Prüfer.docx'.
[info] [23/37] Generating steps [0.25, 0.5, 0.75] for '15 Beirat MmB ILS_AD001 Prüfer.docx'...
  -> Calling model for step 0.25...
  -> Success (11.6s, 2394 chars)
  -> Calling model for step 0.50...
  -> Success (7.3s, 2298 chars)
  -> Calling model for step 0.75...
  -> Success (8.7s, 2549 chars)
[info] [23/37] Completed all steps for '15 Beirat MmB ILS_AD001 Prüfer.docx'.
[info] [24/37] Generating steps [0.25, 0.5, 0.75] for '04 Marinestandort ILS_AD001 Prüfer.docx'...
  -> Calling model for step 0.25...
  -> Success (9.1s, 2159 chars)
  -> Calling model for step 0.50...
  -> Success (7.6s, 2061 chars)
  -> Calling model for step 0.75...
  -> Success (6.2s, 1833 chars)
[info] [24/37] Completed all steps for '04 Marinestandort ILS_AD001 Prüfer.docx'.
[info] [25/37] Generating steps [0.25, 0.5, 0.75] for '01 Die Geschichte Eckernfördes ILS_AD001 Prüfer.docx'...
  -> Calling model for step 0.25...
  -> Success (9.1s, 3064 chars)
  -> Calling model for step 0.50...
  -> Success (7.6s, 2617 chars)
  -> Calling model for step 0.75...
  -> Success (8.1s, 2414 chars)
[info] [25/37] Completed all steps for '01 Die Geschichte Eckernfördes ILS_AD001 Prüfer.docx'.
[info] [26/37] Generating steps [0.25, 0.5, 0.75] for '02 Partnerstädte ILS_AD001 Prüfer.docx'...
  -> Calling model for step 0.25...
  -> Success (4.5s, 1304 chars)
  -> Calling model for step 0.50...
  -> Success (5.6s, 1075 chars)
  -> Calling model for step 0.75...
  -> Success (6.6s, 1333 chars)
[info] [26/37] Completed all steps for '02 Partnerstädte ILS_AD001 Prüfer.docx'.
[info] [27/37] Generating steps [0.25, 0.5, 0.75] for '09 Beteiligung Bauleitplanverfahren ILS_AD001 Prüfer.docx'...
  -> Calling model for step 0.25...
  -> Success (5.3s, 1696 chars)
  -> Calling model for step 0.50...
  -> Success (6.8s, 2079 chars)
  -> Calling model for step 0.75...
  -> Success (7.8s, 1620 chars)
[info] [27/37] Completed all steps for '09 Beteiligung Bauleitplanverfahren ILS_AD001 Prüfer.docx'.
[info] [28/37] Generating steps [0.25, 0.5, 0.75] for '13 Ausschüsse ILS_AD001 Prüfer.docx'...
  -> Calling model for step 0.25...
  -> Success (7.4s, 1474 chars)
  -> Calling model for step 0.50...
  -> Success (4.1s, 1459 chars)
  -> Calling model for step 0.75...
  -> Success (5.1s, 1336 chars)
[info] [28/37] Completed all steps for '13 Ausschüsse ILS_AD001 Prüfer.docx'.
[info] [29/37] Generating steps [0.25, 0.5, 0.75] for '03 Berühmte Personen ILS AD001 Prüfer.docx'...
  -> Calling model for step 0.25...
  -> Success (11.0s, 4087 chars)
  -> Calling model for step 0.50...
  -> Success (8.5s, 3480 chars)
  -> Calling model for step 0.75...
  -> Success (8.7s, 3485 chars)
[info] [29/37] Completed all steps for '03 Berühmte Personen ILS AD001 Prüfer.docx'.
[info] [30/37] Generating steps [0.25, 0.5, 0.75] for '10 Gutachten und Konzepte ILS_AD001 Prüfer.docx'...
  -> Calling model for step 0.25...
  -> Success (13.8s, 6539 chars)
  -> Calling model for step 0.50...
  -> Success (11.7s, 5087 chars)
  -> Calling model for step 0.75...
  -> Success (12.0s, 5343 chars)
[info] [30/37] Completed all steps for '10 Gutachten und Konzepte ILS_AD001 Prüfer.docx'.
[info] [31/37] Generating steps [0.25, 0.5, 0.75] for 'ILS Navigation-Webseite AD001 Prüfer.docx'...
  -> Calling model for step 0.25...
  -> Success (7.8s, 2961 chars)
  -> Calling model for step 0.50...
  -> Success (5.7s, 2467 chars)
  -> Calling model for step 0.75...
  -> Success (6.1s, 2691 chars)
[info] [31/37] Completed all steps for 'ILS Navigation-Webseite AD001 Prüfer.docx'.
[info] [32/37] Generating steps [0.25, 0.5, 0.75] for 'ILS01 GH Hinweisblatt459eStPO AD001 geprüft.docx'...
  -> Calling model for step 0.25...
  -> Success (5.6s, 1661 chars)
  -> Calling model for step 0.50...
  -> Success (4.8s, 1971 chars)
  -> Calling model for step 0.75...
  -> Success (6.7s, 1921 chars)
[info] [32/37] Completed all steps for 'ILS01 GH Hinweisblatt459eStPO AD001 geprüft.docx'.
[info] [33/37] Generating steps [0.25, 0.5, 0.75] for '08 Flächennutzungsplan ILS_AD001 Prüfer.docx'...
  -> Calling model for step 0.25...
  -> Success (5.0s, 1296 chars)
  -> Calling model for step 0.50...
  -> Success (3.1s, 996 chars)
  -> Calling model for step 0.75...
  -> Success (4.2s, 1147 chars)
[info] [33/37] Completed all steps for '08 Flächennutzungsplan ILS_AD001 Prüfer.docx'.
[info] [34/37] Generating steps [0.25, 0.5, 0.75] for '05 Stadtleitbild ILS_AD001 Prüfer.docx'...
  -> Calling model for step 0.25...
  -> Success (4.6s, 1218 chars)
  -> Calling model for step 0.50...
  -> Success (4.4s, 1311 chars)
  -> Calling model for step 0.75...
  -> Success (3.9s, 1155 chars)
[info] [34/37] Completed all steps for '05 Stadtleitbild ILS_AD001 Prüfer.docx'.
[info] [35/37] Generating steps [0.25, 0.5, 0.75] for 'ILS02 GH Belehrung GA AD001 geprüft.docx'...
  -> Calling model for step 0.25...
  -> Success (5.2s, 1772 chars)
  -> Calling model for step 0.50...
  -> Success (4.8s, 1688 chars)
  -> Calling model for step 0.75...
  -> Success (5.3s, 1862 chars)
[info] [35/37] Completed all steps for 'ILS02 GH Belehrung GA AD001 geprüft.docx'.
[info] [36/37] Generating steps [0.25, 0.5, 0.75] for '06 Bauleitplanung ILS_AD001 Prüfer.docx'...
  -> Calling model for step 0.25...
  -> Success (6.1s, 1933 chars)
  -> Calling model for step 0.50...
  -> Success (5.6s, 1882 chars)
  -> Calling model for step 0.75...
  -> Success (4.6s, 1677 chars)
[info] [36/37] Completed all steps for '06 Bauleitplanung ILS_AD001 Prüfer.docx'.
[info] [37/37] Generating steps [0.25, 0.5, 0.75] for '12 Ratsversammlung ILS_AD001 Prüfer.docx'...
  -> Calling model for step 0.25...
  -> Success (7.2s, 2405 chars)
  -> Calling model for step 0.50...
  -> Success (5.3s, 2629 chars)
  -> Calling model for step 0.75...
  -> Success (7.6s, 3087 chars)
[info] [37/37] Completed all steps for '12 Ratsversammlung ILS_AD001 Prüfer.docx'.
[done] Processed 37 articles. Generated 111 new steps. Output saved to data/lebenshilfe/lebenshilfe_dataset_with_steps.json
