Analysiere Korpus im Ordner: data/corpus/4_normalized_clean
Top 100 komplexe Wörter extrahiert: ['bürgerbüro', 'informationen', 'behinderung', 'behandlung', 'deutschland', 'besonders', 'leistungen', 'beschwerden', 'beispielsweise', 'behinderungen']...

Starte Abfrage von Hurraki API...
[1/100] Frage 'bürgerbüro' ab...
  -> Keine Erklärung gefunden.
[2/100] Frage 'informationen' ab...
  -> Keine Erklärung gefunden.
[3/100] Frage 'behinderung' ab...
  -> Gefunden auf Hurraki!
[4/100] Frage 'behandlung' ab...
  -> Gefunden auf Hurraki!
[5/100] Frage 'deutschland' ab...
  -> Gefunden auf Hurraki!
[6/100] Frage 'besonders' ab...
  -> Keine Erklärung gefunden.
[7/100] Frage 'leistungen' ab...
  -> Keine Erklärung gefunden.
[8/100] Frage 'beschwerden' ab...
  -> Keine Erklärung gefunden.
[9/100] Frage 'beispielsweise' ab...
  -> Keine Erklärung gefunden.
[10/100] Frage 'behinderungen' ab...
  -> Nutze Fallback-Erklärung.
[11/100] Frage 'medikamente' ab...
  -> Keine Erklärung gefunden.
[12/100] Frage 'betroffene' ab...
  -> Keine Erklärung gefunden.
[13/100] Frage 'stuttgart' ab...
  -> Keine Erklärung gefunden.
[14/100] Frage 'schmerzen' ab...
  -> Keine Erklärung gefunden.
[15/100] Frage 'betroffenen' ab...
  -> Keine Erklärung gefunden.
[16/100] Frage 'unterstützung' ab...
  -> Keine Erklärung gefunden.
[17/100] Frage 'betroffen' ab...
  -> Keine Erklärung gefunden.
[18/100] Frage 'patienten' ab...
  -> Keine Erklärung gefunden.
[19/100] Frage 'ebenfalls' ab...
  -> Keine Erklärung gefunden.
[20/100] Frage 'landeshauptstadt' ab...
  -> Nutze Fallback-Erklärung.
[21/100] Frage 'anschrift' ab...
  -> Keine Erklärung gefunden.
[22/100] Frage 'deutschen' ab...
  -> Keine Erklärung gefunden.
[23/100] Frage 'informieren' ab...
  -> Keine Erklärung gefunden.
[24/100] Frage 'öffnungszeiten' ab...
  -> Gefunden auf Hurraki!
[25/100] Frage 'zusätzlich' ab...
  -> Keine Erklärung gefunden.
[26/100] Frage 'standesamt' ab...
  -> Gefunden auf Hurraki!
[27/100] Frage 'thüringen' ab...
  -> Gefunden auf Hurraki!
[28/100] Frage 'auftreten' ab...
  -> Keine Erklärung gefunden.
[29/100] Frage 'verschiedene' ab...
  -> Keine Erklärung gefunden.
[30/100] Frage 'magdeburg' ab...
  -> Keine Erklärung gefunden.
[31/100] Frage 'erreichbarkeit' ab...
  -> Keine Erklärung gefunden.
[32/100] Frage 'erkrankung' ab...
  -> Gefunden auf Hurraki!
[33/100] Frage 'allerdings' ab...
  -> Keine Erklärung gefunden.
[34/100] Frage 'gemeinsam' ab...
  -> Keine Erklärung gefunden.
[35/100] Frage 'regelmäßig' ab...
  -> Keine Erklärung gefunden.
[36/100] Frage 'mindestens' ab...
  -> Keine Erklärung gefunden.
[37/100] Frage 'gesellschaft' ab...
  -> Gefunden auf Hurraki!
[38/100] Frage 'maßnahmen' ab...
  -> Keine Erklärung gefunden.
[39/100] Frage 'persönliche' ab...
  -> Keine Erklärung gefunden.
[40/100] Frage 'innerhalb' ab...
  -> Keine Erklärung gefunden.
[41/100] Frage 'erledigen' ab...
  -> Keine Erklärung gefunden.
[42/100] Frage 'jeweiligen' ab...
  -> Keine Erklärung gefunden.
[43/100] Frage 'bestimmte' ab...
  -> Keine Erklärung gefunden.
[44/100] Frage 'vorsprache' ab...
  -> Keine Erklärung gefunden.
[45/100] Frage 'geschlossen' ab...
  -> Keine Erklärung gefunden.
[46/100] Frage 'allgemeine' ab...
  -> Keine Erklärung gefunden.
[47/100] Frage 'zulassungsangelegenheiten' ab...
  -> Keine Erklärung gefunden.
[48/100] Frage 'unternehmen' ab...
  -> Keine Erklärung gefunden.
[49/100] Frage 'erkrankungen' ab...
  -> Keine Erklärung gefunden.
[50/100] Frage 'jugendliche' ab...
  -> Keine Erklärung gefunden.
[51/100] Frage 'entzündung' ab...
  -> Gefunden auf Hurraki!
[52/100] Frage 'vorheriger' ab...
  -> Keine Erklärung gefunden.
[53/100] Frage 'insbesondere' ab...
  -> Keine Erklärung gefunden.
[54/100] Frage 'sogenannte' ab...
  -> Keine Erklärung gefunden.
[55/100] Frage 'infektion' ab...
  -> Gefunden auf Hurraki!
[56/100] Frage 'behandelt' ab...
  -> Keine Erklärung gefunden.
[57/100] Frage 'unterstützen' ab...
  -> Keine Erklärung gefunden.
[58/100] Frage 'öffentlichen' ab...
  -> Keine Erklärung gefunden.
[59/100] Frage 'bakterien' ab...
  -> Gefunden auf Hurraki!
[60/100] Frage 'vermeiden' ab...
  -> Keine Erklärung gefunden.
[61/100] Frage 'sogenannten' ab...
  -> Keine Erklärung gefunden.
[62/100] Frage 'wichtiger' ab...
  -> Keine Erklärung gefunden.
[63/100] Frage 'millionen' ab...
  -> Keine Erklärung gefunden.
[64/100] Frage 'insgesamt' ab...
  -> Keine Erklärung gefunden.
[65/100] Frage 'schwangerschaft' ab...
  -> Keine Erklärung gefunden.
[66/100] Frage 'verfügung' ab...
  -> Keine Erklärung gefunden.
[67/100] Frage 'nebenwirkungen' ab...
  -> Keine Erklärung gefunden.
[68/100] Frage 'erforderlich' ab...
  -> Keine Erklärung gefunden.
[69/100] Frage 'inklusion' ab...
  -> Gefunden auf Hurraki!
[70/100] Frage 'unterstützt' ab...
  -> Keine Erklärung gefunden.
[71/100] Frage 'ärztliche' ab...
  -> Keine Erklärung gefunden.
[72/100] Frage 'donnerstag' ab...
  -> Keine Erklärung gefunden.
[73/100] Frage 'krankheit' ab...
  -> Gefunden auf Hurraki!
[74/100] Frage 'untersuchung' ab...
  -> Keine Erklärung gefunden.
[75/100] Frage 'verwendet' ab...
  -> Keine Erklärung gefunden.
[76/100] Frage 'entstehen' ab...
  -> Keine Erklärung gefunden.
[77/100] Frage 'möglichkeit' ab...
  -> Keine Erklärung gefunden.
[78/100] Frage 'individuellen' ab...
  -> Keine Erklärung gefunden.
[79/100] Frage 'zusammenhang' ab...
  -> Keine Erklärung gefunden.
[80/100] Frage 'ausreichend' ab...
  -> Keine Erklärung gefunden.
[81/100] Frage 'beziehungsweise' ab...
  -> Keine Erklärung gefunden.
[82/100] Frage 'bestimmten' ab...
  -> Keine Erklärung gefunden.
[83/100] Frage 'eventuell' ab...
  -> Keine Erklärung gefunden.
[84/100] Frage 'erreichen' ab...
  -> Keine Erklärung gefunden.
[85/100] Frage 'grundsätzlich' ab...
  -> Keine Erklärung gefunden.
[86/100] Frage 'möglichst' ab...
  -> Keine Erklärung gefunden.
[87/100] Frage 'anwendung' ab...
  -> Keine Erklärung gefunden.
[88/100] Frage 'gesundheit' ab...
  -> Keine Erklärung gefunden.
[89/100] Frage 'verfahren' ab...
  -> Keine Erklärung gefunden.
[90/100] Frage 'beantragen' ab...
  -> Keine Erklärung gefunden.
[91/100] Frage 'ausbildung' ab...
  -> Gefunden auf Hurraki!
[92/100] Frage 'benötigen' ab...
  -> Keine Erklärung gefunden.
[93/100] Frage 'kurzfristig' ab...
  -> Keine Erklärung gefunden.
[94/100] Frage 'dienstleistungen' ab...
  -> Nutze Fallback-Erklärung.
[95/100] Frage 'september' ab...
  -> Keine Erklärung gefunden.
[96/100] Frage 'einrichtungen' ab...
  -> Keine Erklärung gefunden.
[97/100] Frage 'verschiedenen' ab...
  -> Keine Erklärung gefunden.
[98/100] Frage 'notwendig' ab...
  -> Keine Erklärung gefunden.
[99/100] Frage 'wiesbaden' ab...
  -> Keine Erklärung gefunden.
[100/100] Frage 'personalausweis' ab...
  -> Keine Erklärung gefunden.

Erfolgreich Glossar mit 17 Begriffen gespeichert unter: data/vocabs/hurraki_glossary.json
