=== Start DPO-Präferenzdatengenerierung auf ungesehenem 10kGNAD Korpus ===
Fri Aug 28 21:58:12 UTC 2026
2026-08-28 21:58:16 - INFO - GenerateDPOLadder - Active compute device: cuda
2026-08-28 21:58:16 - INFO - GenerateDPOLadder - Configured Temperature Ladder: [0.6, 0.7, 0.8, 0.85]
2026-08-28 21:58:16 - INFO - GenerateDPOLadder - Repetition Penalty: 1.2 | No-Repeat-Ngram: 3
2026-08-28 21:58:16 - INFO - GenerateDPOLadder - Target Score Margin: >= 0.05
2026-08-28 21:58:16 - INFO - GenerateDPOLadder - Loading corpus from: data/corpus/corpus_10kgnad_len512_as.json
2026-08-28 21:58:16 - INFO - GenerateDPOLadder - Loaded 9567 valid records from corpus.
2026-08-28 21:58:16 - INFO - GenerateDPOLadder - Loading SFT model/tokenizer from: results/models/sft
2026-08-28 21:58:17 - INFO - GenerateDPOLadder - Merging SFT LoRA adapter into base Seq2Seq model (facebook/mbart-large-50)...
2026-08-28 21:58:19 - INFO - GenerateDPOLadder - Configured multilingual tokenizer with src_lang='de_DE' and tgt_lang='de_DE'
2026-08-28 21:58:19 - INFO - GenerateDPOLadder - Loading Reward Model vocabulary from: data/vocabs/mixup_vocab.json
2026-08-28 21:58:19 - INFO - GenerateDPOLadder - Loading BiLSTM Regressor weights from: results/models/bilstm_mixup_regression.pt
2026-08-28 21:58:19 - INFO - GenerateDPOLadder - Loading SBERT model for semantic evaluation: jinaai/jina-embeddings-v2-base-de
2026-08-28 21:58:19 - INFO - sentence_transformers.base.model - Loading SentenceTransformer model from jinaai/jina-embeddings-v2-base-de.
2026-08-28 21:58:24 - INFO - GenerateDPOLadder - Starting Progressive Temperature Ladder generation...
2026-08-28 22:19:57 - INFO - GenerateDPOLadder - Progress: Batch 25/1196 (2.1%) | Total Valid Pairs: 196 | Total Dropped: 4
2026-08-28 22:44:53 - INFO - GenerateDPOLadder - Progress: Batch 50/1196 (4.2%) | Total Valid Pairs: 386 | Total Dropped: 14
2026-08-28 23:10:32 - INFO - GenerateDPOLadder - Progress: Batch 75/1196 (6.3%) | Total Valid Pairs: 578 | Total Dropped: 22
2026-08-28 23:35:51 - INFO - GenerateDPOLadder - Progress: Batch 100/1196 (8.4%) | Total Valid Pairs: 772 | Total Dropped: 28
2026-08-29 00:04:01 - INFO - GenerateDPOLadder - Progress: Batch 125/1196 (10.5%) | Total Valid Pairs: 965 | Total Dropped: 35
2026-08-29 00:30:39 - INFO - GenerateDPOLadder - Progress: Batch 150/1196 (12.5%) | Total Valid Pairs: 1159 | Total Dropped: 41
2026-08-29 00:59:18 - INFO - GenerateDPOLadder - Progress: Batch 175/1196 (14.6%) | Total Valid Pairs: 1354 | Total Dropped: 46
2026-08-29 01:32:45 - INFO - GenerateDPOLadder - Progress: Batch 200/1196 (16.7%) | Total Valid Pairs: 1547 | Total Dropped: 53
2026-08-29 01:53:53 - INFO - GenerateDPOLadder - Progress: Batch 225/1196 (18.8%) | Total Valid Pairs: 1739 | Total Dropped: 61
2026-08-29 02:18:35 - INFO - GenerateDPOLadder - Progress: Batch 250/1196 (20.9%) | Total Valid Pairs: 1935 | Total Dropped: 65
2026-08-29 02:38:55 - INFO - GenerateDPOLadder - Progress: Batch 275/1196 (23.0%) | Total Valid Pairs: 2128 | Total Dropped: 72
2026-08-29 02:59:08 - INFO - GenerateDPOLadder - Progress: Batch 300/1196 (25.1%) | Total Valid Pairs: 2324 | Total Dropped: 76
2026-08-29 03:24:24 - INFO - GenerateDPOLadder - Progress: Batch 325/1196 (27.2%) | Total Valid Pairs: 2521 | Total Dropped: 79
2026-08-29 03:43:32 - INFO - GenerateDPOLadder - Progress: Batch 350/1196 (29.3%) | Total Valid Pairs: 2716 | Total Dropped: 84
2026-08-29 03:59:36 - INFO - GenerateDPOLadder - Progress: Batch 375/1196 (31.4%) | Total Valid Pairs: 2909 | Total Dropped: 91
2026-08-29 04:33:31 - INFO - GenerateDPOLadder - Progress: Batch 400/1196 (33.4%) | Total Valid Pairs: 3095 | Total Dropped: 105
2026-08-29 05:02:26 - INFO - GenerateDPOLadder - Progress: Batch 425/1196 (35.5%) | Total Valid Pairs: 3285 | Total Dropped: 115
2026-08-29 05:25:57 - INFO - GenerateDPOLadder - Progress: Batch 450/1196 (37.6%) | Total Valid Pairs: 3480 | Total Dropped: 120
2026-08-29 05:50:35 - INFO - GenerateDPOLadder - Progress: Batch 475/1196 (39.7%) | Total Valid Pairs: 3677 | Total Dropped: 123
2026-08-29 06:15:29 - INFO - GenerateDPOLadder - Progress: Batch 500/1196 (41.8%) | Total Valid Pairs: 3871 | Total Dropped: 129
2026-08-29 06:46:56 - INFO - GenerateDPOLadder - Progress: Batch 525/1196 (43.9%) | Total Valid Pairs: 4063 | Total Dropped: 137
2026-08-29 07:13:20 - INFO - GenerateDPOLadder - Progress: Batch 550/1196 (46.0%) | Total Valid Pairs: 4256 | Total Dropped: 144
2026-08-29 07:42:09 - INFO - GenerateDPOLadder - Progress: Batch 575/1196 (48.1%) | Total Valid Pairs: 4448 | Total Dropped: 152
2026-08-29 07:59:22 - INFO - GenerateDPOLadder - Progress: Batch 600/1196 (50.2%) | Total Valid Pairs: 4647 | Total Dropped: 153
2026-08-29 08:22:05 - INFO - GenerateDPOLadder - Progress: Batch 625/1196 (52.3%) | Total Valid Pairs: 4842 | Total Dropped: 158
2026-08-29 08:54:40 - INFO - GenerateDPOLadder - Progress: Batch 650/1196 (54.3%) | Total Valid Pairs: 5038 | Total Dropped: 162
2026-08-29 09:21:49 - INFO - GenerateDPOLadder - Progress: Batch 675/1196 (56.4%) | Total Valid Pairs: 5233 | Total Dropped: 167
2026-08-29 09:42:26 - INFO - GenerateDPOLadder - Progress: Batch 700/1196 (58.5%) | Total Valid Pairs: 5429 | Total Dropped: 171
