=== Start DPO Training (LoRA auf mBART-50 SFT) ===
Sat Aug 29 20:24:40 UTC 2026
Globaler Seed auf 42 gesetzt.
Log file initialized at: results/logs/run_pipeline/train_dpo_20260829_202448.log
Aktuelles Arbeitsverzeichnis: /home/fisc4884/master-thesis
Nutze Device: cuda
Lade Basis-SFT-Modell und Tokenizer aus: results/models/sft...
================================================================================
[SPRACHCODE-KONTROLLE] Tokenizer für mBART erfolgreich konfiguriert:
  -> src_lang: de_DE
  -> tgt_lang: de_DE
  -> de_DE Token-ID: 250003
  -> Test-Target Enkodierung (Token IDs): [250003, 8647, 2]
================================================================================
Lade Basismodell 'facebook/mbart-large-50' fuer SFT-Adapter...
Lade und verschmelze (merge_and_unload) SFT-LoRA-Adapter aus: results/models/sft...
[ERFOLG] SFT-Adapter erfolgreich in Basisgewichte integriert (SFT ist nun die Basis fuer DPO)!
Konfiguriere DPO-LoRA auf Basis des SFT-Modells (r=16, alpha=32, dropout=0.05, targets=['q_proj', 'v_proj', 'k_proj', 'out_proj', 'fc1', 'fc2'])...
trainable params: 8,650,752 || all params: 619,530,240 || trainable%: 1.3963
Lade DPO-Präferenzdatensatz aus: data/corpus/dpo_pairs_mixup.jsonl
Erfolgreich geladen: 7859 Präferenz-Paare.
Lade DPO-Präferenzdatensatz aus: data/corpus/dpo_pairs_mixup_eval.jsonl
Erfolgreich geladen: 1387 Präferenz-Paare.
Validierungsset initialisiert: 1387 Paare (694 Batches).

================================================================================
=== Starte DPO Training (3 Epochen | Beta=0.01 | LR=5e-06) ===
================================================================================

DPO Epoche 1/3:   0%|          | 0/3930 [00:00<?, ?it/s]DPO Epoche 1/3:   0%|          | 0/3930 [00:00<?, ?it/s]
Traceback (most recent call last):
  File "/home/fisc4884/master-thesis/scripts/modeling/train_dpo.py", line 685, in <module>
    main()
    ~~~~^^
  File "/home/fisc4884/master-thesis/scripts/modeling/train_dpo.py", line 552, in main
    loss, acc, margin, loss_val = compute_dpo_step(
                                  ~~~~~~~~~~~~~~~~^
        model=model,
        ^^^^^^^^^^^^
    ...<5 lines>...
        ref_model=ref_model,
        ^^^^^^^^^^^^^^^^^^^^
    )
    ^
  File "/home/fisc4884/master-thesis/scripts/modeling/train_dpo.py", line 308, in compute_dpo_step
    ref_rejected_out = model(input_ids=prompt_ids, attention_mask=prompt_mask, labels=rejected_labels)
  File "/home/fisc4884/master-thesis/.venv/lib/python3.14/site-packages/torch/nn/modules/module.py", line 1779, in _wrapped_call_impl
    return self._call_impl(*args, **kwargs)
           ~~~~~~~~~~~~~~~^^^^^^^^^^^^^^^^^
  File "/home/fisc4884/master-thesis/.venv/lib/python3.14/site-packages/torch/nn/modules/module.py", line 1790, in _call_impl
    return forward_call(*args, **kwargs)
  File "/home/fisc4884/master-thesis/.venv/lib/python3.14/site-packages/peft/peft_model.py", line 2432, in forward
    return self.base_model(
           ~~~~~~~~~~~~~~~^
        input_ids=input_ids,
        ^^^^^^^^^^^^^^^^^^^^
    ...<9 lines>...
        **kwargs,
        ^^^^^^^^^
    )
    ^
  File "/home/fisc4884/master-thesis/.venv/lib/python3.14/site-packages/torch/nn/modules/module.py", line 1779, in _wrapped_call_impl
    return self._call_impl(*args, **kwargs)
           ~~~~~~~~~~~~~~~^^^^^^^^^^^^^^^^^
  File "/home/fisc4884/master-thesis/.venv/lib/python3.14/site-packages/torch/nn/modules/module.py", line 1790, in _call_impl
    return forward_call(*args, **kwargs)
  File "/home/fisc4884/master-thesis/.venv/lib/python3.14/site-packages/peft/tuners/tuners_utils.py", line 333, in forward
    return self.model.forward(*args, **kwargs)
           ~~~~~~~~~~~~~~~~~~^^^^^^^^^^^^^^^^^
  File "/home/fisc4884/master-thesis/.venv/lib/python3.14/site-packages/transformers/models/mbart/modeling_mbart.py", line 1462, in forward
    masked_lm_loss = loss_fct(lm_logits.view(-1, self.config.vocab_size), labels.view(-1))
  File "/home/fisc4884/master-thesis/.venv/lib/python3.14/site-packages/torch/nn/modules/module.py", line 1779, in _wrapped_call_impl
    return self._call_impl(*args, **kwargs)
           ~~~~~~~~~~~~~~~^^^^^^^^^^^^^^^^^
  File "/home/fisc4884/master-thesis/.venv/lib/python3.14/site-packages/torch/nn/modules/module.py", line 1790, in _call_impl
    return forward_call(*args, **kwargs)
  File "/home/fisc4884/master-thesis/.venv/lib/python3.14/site-packages/torch/nn/modules/loss.py", line 1394, in forward
    return F.cross_entropy(
           ~~~~~~~~~~~~~~~^
        input,
        ^^^^^^
    ...<4 lines>...
        label_smoothing=self.label_smoothing,
        ^^^^^^^^^^^^^^^^^^^^^^^^^^^^^^^^^^^^^
    )
    ^
  File "/home/fisc4884/master-thesis/.venv/lib/python3.14/site-packages/torch/nn/functional.py", line 3504, in cross_entropy
    return torch._C._nn.cross_entropy_loss(
           ~~~~~~~~~~~~~~~~~~~~~~~~~~~~~~~^
        input,
        ^^^^^^
    ...<5 lines>...
        label_smoothing,
        ^^^^^^^^^^^^^^^^
    )
    ^
torch.OutOfMemoryError: CUDA out of memory. Tried to allocate 1.91 GiB. GPU 0 has a total capacity of 23.62 GiB of which 664.62 MiB is free. Process 3426018 has 9.85 GiB memory in use. Process 3441751 has 14.19 GiB memory in use. Process 3443763 has 7.87 GiB memory in use. Including non-PyTorch memory, this process has 22.91 GiB memory in use. Of the allocated memory 21.71 GiB is allocated by PyTorch, and 1023.92 MiB is reserved by PyTorch but unallocated. If reserved but unallocated memory is large try setting PYTORCH_CUDA_ALLOC_CONF=expandable_segments:True to avoid fragmentation.  See documentation for Memory Management  (https://docs.pytorch.org/docs/stable/notes/cuda.html#optimizing-memory-usage-with-pytorch-cuda-alloc-conf)
